This is pdfTeX, Version 3.141592653-2.6-1.40.29 (TeX Live 2026) (preloaded format=pdflatex 2026.6.14)  1 JUL 2026 01:57
entering extended mode
 restricted \write18 enabled.
 file:line:error style messages enabled.
 %&-line parsing enabled.
**caratula.tex main.tex
(./caratula.tex
LaTeX2e <2026-06-01>
L3 programming layer <2026-05-26>

./caratula.tex:2: LaTeX Error: Missing \begin{document}.

See the LaTeX manual or LaTeX Companion for explanation.
Type  H <return>  for immediate help.
 ...                                              
                                                  
l.2 \begin{center}
                  
You're in trouble here.  Try typing  <return>  to proceed.
If that doesn't work, type  X <return>  to quit.


Overfull \hbox (20.0pt too wide) in paragraph at lines 2--2
[] 
 []


Overfull \hbox (83.84676pt too wide) in paragraph at lines 3--3
 \OT1/cmr/bx/n/10 UNIVERSIDAD 
 []


Overfull \hbox (19.2499pt too wide) in paragraph at lines 3--3
 \OT1/cmr/bx/n/10 PE- 
 []


Overfull \hbox (20.986pt too wide) in paragraph at lines 3--3
 \OT1/cmr/bx/n/10 RU- 
 []


Overfull \hbox (26.38875pt too wide) in paragraph at lines 3--3
 \OT1/cmr/bx/n/10 ANA 
 []


Overfull \hbox (39.847pt too wide) in paragraph at lines 3--3
 \OT1/cmr/bx/n/10 UNI[]ON 
 []

Missing character: There is no F in font nullfont!
Missing character: There is no A in font nullfont!
Missing character: There is no C in font nullfont!
Missing character: There is no U in font nullfont!
Missing character: There is no L in font nullfont!
Missing character: There is no T in font nullfont!
Missing character: There is no A in font nullfont!
Missing character: There is no D in font nullfont!
Missing character: There is no D in font nullfont!
Missing character: There is no E in font nullfont!
Missing character: There is no I in font nullfont!
Missing character: There is no N in font nullfont!
Missing character: There is no G in font nullfont!
Missing character: There is no E in font nullfont!
Missing character: There is no N in font nullfont!
Missing character: There is no I in font nullfont!
Missing character: There is no E in font nullfont!
Missing character: There is no R in font nullfont!
LaTeX Font Info:    Trying to load font information for +cmr on input line 4.
LaTeX Font Info:    No file cmr.fd. on input line 4.

LaTeX Font Warning: Font shape `/cmr/m/n' undefined
(Font)              using `/cmr/m/n' instead on input line 4.

./caratula.tex:4: Corrupted NFSS tables.
wrong@fontshape ...message {Corrupted NFSS tables}
                                                  error@fontshape else let f...
l.4 FACULTAD DE INGENIER\'I
                           A Y ARQUITECTURA\\
This error message was generated by an \errmessage
command, so I can't give any explicit help.
Pretend that you're Hercule Poirot: Examine all clues,
and deduce the truth by order and method.


LaTeX Font Warning: Font shape `/cmr/m/n' undefined
(Font)              using `OT1/cmr/m/n' instead on input line 4.

Missing character: There is no A in font nullfont!
Missing character: There is no Y in font nullfont!
Missing character: There is no A in font nullfont!
Missing character: There is no R in font nullfont!
Missing character: There is no Q in font nullfont!
Missing character: There is no U in font nullfont!
Missing character: There is no I in font nullfont!
Missing character: There is no T in font nullfont!
Missing character: There is no E in font nullfont!
Missing character: There is no C in font nullfont!
Missing character: There is no T in font nullfont!
Missing character: There is no U in font nullfont!
Missing character: There is no R in font nullfont!
Missing character: There is no A in font nullfont!

Overfull \hbox (8.61113pt too wide) in paragraph at lines 4--4
 \/cmr/m/n/10 ^^SI 
 []

Missing character: There is no E in font nullfont!
Missing character: There is no s in font nullfont!
Missing character: There is no c in font nullfont!
Missing character: There is no u in font nullfont!
Missing character: There is no e in font nullfont!
Missing character: There is no l in font nullfont!
Missing character: There is no a in font nullfont!
Missing character: There is no P in font nullfont!
Missing character: There is no r in font nullfont!
Missing character: There is no o in font nullfont!
Missing character: There is no f in font nullfont!
Missing character: There is no e in font nullfont!
Missing character: There is no s in font nullfont!
Missing character: There is no i in font nullfont!
Missing character: There is no o in font nullfont!
Missing character: There is no n in font nullfont!
Missing character: There is no a in font nullfont!
Missing character: There is no l in font nullfont!
Missing character: There is no d in font nullfont!
Missing character: There is no e in font nullfont!
Missing character: There is no I in font nullfont!
Missing character: There is no n in font nullfont!
Missing character: There is no g in font nullfont!
Missing character: There is no e in font nullfont!
Missing character: There is no n in font nullfont!
Missing character: There is no i in font nullfont!
Missing character: There is no e in font nullfont!
Missing character: There is no r in font nullfont!
Missing character: There is no a in font nullfont!
Missing character: There is no d in font nullfont!
Missing character: There is no e in font nullfont!
Missing character: There is no S in font nullfont!
Missing character: There is no i in font nullfont!
Missing character: There is no s in font nullfont!
Missing character: There is no t in font nullfont!
Missing character: There is no e in font nullfont!
Missing character: There is no m in font nullfont!
Missing character: There is no a in font nullfont!
Missing character: There is no s in font nullfont!

Overfull \hbox (2.77779pt too wide) in paragraph at lines 5--5
 []\/cmr/m/n/10 i 
 []

./caratula.tex:7: Undefined control sequence.
l.7 \includegraphics
                    [width=0.7\textwidth]{imagenes/logo_upeu.png}\\[1cm]
The control sequence at the end of the top line
of your error message was never \def'ed. If you have
misspelled it (e.g., `\hobx'), type `I' and the correct
spelling (e.g., `I\hbox'). Otherwise just continue,
and I'll forget about whatever was undefined.

Missing character: There is no [ in font nullfont!
Missing character: There is no w in font nullfont!
Missing character: There is no i in font nullfont!
Missing character: There is no d in font nullfont!
Missing character: There is no t in font nullfont!
Missing character: There is no h in font nullfont!
Missing character: There is no = in font nullfont!
Missing character: There is no 0 in font nullfont!
Missing character: There is no . in font nullfont!
Missing character: There is no 7 in font nullfont!
./caratula.tex:7: Missing number, treated as zero.
<to be read again> 
                   ]
l.7 \includegraphics[width=0.7\textwidth]
                                         {imagenes/logo_upeu.png}\\[1cm]
A number should have been here; I inserted `0'.
(If you can't figure out why I needed to see a number,
look up `weird error' in the index to The TeXbook.)

./caratula.tex:7: Illegal unit of measure (pt inserted).
<to be read again> 
                   ]
l.7 \includegraphics[width=0.7\textwidth]
                                         {imagenes/logo_upeu.png}\\[1cm]
Dimensions can be in units of em, ex, in, pt, pc,
cm, mm, dd, cc, nd, nc, bp, or sp; but yours is a new one!
I'll assume that you meant to say pt, for printer's points.
To recover gracefully from this error, it's best to
delete the erroneous units; e.g., type `2' to delete
two letters. (See Chapter 27 of The TeXbook.)

Missing character: There is no ] in font nullfont!
Missing character: There is no i in font nullfont!
Missing character: There is no m in font nullfont!
Missing character: There is no a in font nullfont!
Missing character: There is no g in font nullfont!
Missing character: There is no e in font nullfont!
Missing character: There is no n in font nullfont!
Missing character: There is no e in font nullfont!
Missing character: There is no s in font nullfont!
Missing character: There is no / in font nullfont!
Missing character: There is no l in font nullfont!
Missing character: There is no o in font nullfont!
Missing character: There is no g in font nullfont!
Missing character: There is no o in font nullfont!
./caratula.tex:7: Missing $ inserted.
<inserted text> 
                $
l.7 ...raphics[width=0.7\textwidth]{imagenes/logo_
                                                  upeu.png}\\[1cm]
I've inserted a begin-math/end-math symbol since I think
you left one out. Proceed, with fingers crossed.

LaTeX Font Info:    External font `cmex10' loaded for size
(Font)              <7> on input line 7.
LaTeX Font Info:    External font `cmex10' loaded for size
(Font)              <5> on input line 7.
./caratula.tex:7: Extra }, or forgotten $.
l.7 ...idth=0.7\textwidth]{imagenes/logo_upeu.png}
                                                  \\[1cm]
I've deleted a group-closing symbol because it seems to be
spurious, as in `$x}$'. But perhaps the } is legitimate and
you forgot something else, as in `\hbox{$x}'. In such cases
the way to recover is to insert both the forgotten and the
deleted material, e.g., by typing `I$}'.


./caratula.tex:7: LaTeX Error: There's no line here to end.

See the LaTeX manual or LaTeX Companion for explanation.
Type  H <return>  for immediate help.
 ...                                              
                                                  
l.7 ...th=0.7\textwidth]{imagenes/logo_upeu.png}\\
                                                  [1cm]
Your command was ignored.
Type  I <command> <return>  to replace it with another command,
or  <return>  to continue without it.

./caratula.tex:7: Missing $ inserted.
<inserted text> 
                $
l.7 ...th=0.7\textwidth]{imagenes/logo_upeu.png}\\
                                                  [1cm]
I've inserted a begin-math/end-math symbol since I think
you left one out. Proceed, with fingers crossed.

./caratula.tex:7: Missing } inserted.
<inserted text> 
                }
l.7 ...th=0.7\textwidth]{imagenes/logo_upeu.png}\\
                                                  [1cm]
I've inserted something that you may have forgotten.
(See the <inserted text> above.)
With luck, this will get me unwedged. But if you
really didn't forget anything, try typing `2' now; then
my insertion and my current dilemma will both disappear.


Overfull \hbox (39.58pt too wide) in paragraph at lines 7--7
 []$[]\OML/cmm/m/it/10 peu:png[]$ 
 []

./caratula.tex:9: Undefined control sequence.
<recently read> \Large 
                       
l.9 ...vera y baja visibilidad en entornos reales}
                                                  \\[0.5em]
The control sequence at the end of the top line
of your error message was never \def'ed. If you have
misspelled it (e.g., `\hobx'), type `I' and the correct
spelling (e.g., `I\hbox'). Otherwise just continue,
and I'll forget about whatever was undefined.


Overfull \hbox (37.59009pt too wide) in paragraph at lines 9--9
 []\OT1/cmr/bx/n/10 Modelo 
 []


Overfull \hbox (50.45805pt too wide) in paragraph at lines 9--9
 \OT1/cmr/bx/n/10 YOLOv11 
 []


Overfull \hbox (22.3054pt too wide) in paragraph at lines 9--9
 \OT1/cmr/bx/n/10 para 
 []


Overfull \hbox (8.78465pt too wide) in paragraph at lines 9--9
 \OT1/cmr/bx/n/10 la 
 []


Overfull \hbox (15.49298pt too wide) in paragraph at lines 9--9
 \OT1/cmr/bx/n/10 de- 
 []


Overfull \hbox (35.29843pt too wide) in paragraph at lines 9--9
 \OT1/cmr/bx/n/10 tecci^^Son 
 []


Overfull \hbox (11.65967pt too wide) in paragraph at lines 9--9
 \OT1/cmr/bx/n/10 de 
 []


Overfull \hbox (20.54852pt too wide) in paragraph at lines 9--9
 \OT1/cmr/bx/n/10 per- 
 []


Overfull \hbox (26.8012pt too wide) in paragraph at lines 9--9
 \OT1/cmr/bx/n/10 sonas 
 []


Overfull \hbox (21.8818pt too wide) in paragraph at lines 9--9
 \OT1/cmr/bx/n/10 bajo 
 []


Overfull \hbox (40.6331pt too wide) in paragraph at lines 9--9
 \OT1/cmr/bx/n/10 oclusi^^Son 
 []


Overfull \hbox (19.70961pt too wide) in paragraph at lines 9--9
 \OT1/cmr/bx/n/10 sev- 
 []


Overfull \hbox (15.59714pt too wide) in paragraph at lines 9--9
 \OT1/cmr/bx/n/10 era 
 []


Overfull \hbox (6.06941pt too wide) in paragraph at lines 9--9
 \OT1/cmr/bx/n/10 y 
 []


Overfull \hbox (21.72206pt too wide) in paragraph at lines 9--9
 \OT1/cmr/bx/n/10 baja 
 []


Overfull \hbox (17.63322pt too wide) in paragraph at lines 9--9
 \OT1/cmr/bx/n/10 vis- 
 []


Overfull \hbox (7.02774pt too wide) in paragraph at lines 9--9
 \OT1/cmr/bx/n/10 i- 
 []


Overfull \hbox (16.61102pt too wide) in paragraph at lines 9--9
 \OT1/cmr/bx/n/10 bil- 
 []


Overfull \hbox (7.02774pt too wide) in paragraph at lines 9--9
 \OT1/cmr/bx/n/10 i- 
 []


Overfull \hbox (18.36794pt too wide) in paragraph at lines 9--9
 \OT1/cmr/bx/n/10 dad 
 []


Overfull \hbox (11.65967pt too wide) in paragraph at lines 9--9
 \OT1/cmr/bx/n/10 en 
 []


Overfull \hbox (15.49298pt too wide) in paragraph at lines 9--9
 \OT1/cmr/bx/n/10 en- 
 []


Overfull \hbox (31.63316pt too wide) in paragraph at lines 9--9
 \OT1/cmr/bx/n/10 tornos 
 []


Overfull \hbox (28.59845pt too wide) in paragraph at lines 9--9
 \OT1/cmr/bx/n/10 reales 
 []

Missing character: There is no P in font nullfont!
Missing character: There is no o in font nullfont!
Missing character: There is no r in font nullfont!
Missing character: There is no : in font nullfont!
Missing character: There is no A in font nullfont!
Missing character: There is no u in font nullfont!
Missing character: There is no t in font nullfont!
Missing character: There is no o in font nullfont!
Missing character: There is no r in font nullfont!
Missing character: There is no 1 in font nullfont!
Missing character: There is no ( in font nullfont!
Missing character: There is no A in font nullfont!
Missing character: There is no p in font nullfont!
Missing character: There is no a in font nullfont!
Missing character: There is no z in font nullfont!
Missing character: There is no a in font nullfont!
Missing character: There is no H in font nullfont!
Missing character: There is no i in font nullfont!
Missing character: There is no l in font nullfont!
Missing character: There is no a in font nullfont!
Missing character: There is no s in font nullfont!
Missing character: There is no a in font nullfont!
Missing character: There is no c in font nullfont!
Missing character: There is no a in font nullfont!
Missing character: There is no , in font nullfont!
Missing character: There is no C in font nullfont!
Missing character: There is no e in font nullfont!
Missing character: There is no l in font nullfont!
Missing character: There is no i in font nullfont!
Missing character: There is no a in font nullfont!
Missing character: There is no P in font nullfont!
Missing character: There is no a in font nullfont!
Missing character: There is no t in font nullfont!
Missing character: There is no r in font nullfont!
Missing character: There is no i in font nullfont!
Missing character: There is no c in font nullfont!
Missing character: There is no i in font nullfont!
Missing character: There is no a in font nullfont!
Missing character: There is no ) in font nullfont!
Missing character: There is no A in font nullfont!
Missing character: There is no u in font nullfont!
Missing character: There is no t in font nullfont!
Missing character: There is no o in font nullfont!
Missing character: There is no r in font nullfont!
Missing character: There is no 2 in font nullfont!
Missing character: There is no ( in font nullfont!
Missing character: There is no C in font nullfont!
Missing character: There is no o in font nullfont!
Missing character: There is no n in font nullfont!
Missing character: There is no d in font nullfont!
Missing character: There is no o in font nullfont!
Missing character: There is no r in font nullfont!
Missing character: There is no i in font nullfont!
Missing character: There is no Q in font nullfont!
Missing character: There is no u in font nullfont!
Missing character: There is no i in font nullfont!
Missing character: There is no s in font nullfont!
Missing character: There is no p in font nullfont!
Missing character: There is no e in font nullfont!
Missing character: There is no , in font nullfont!
Missing character: There is no B in font nullfont!
Missing character: There is no r in font nullfont!
Missing character: There is no a in font nullfont!
Missing character: There is no y in font nullfont!
Missing character: There is no a in font nullfont!
Missing character: There is no n in font nullfont!
Missing character: There is no R in font nullfont!
Missing character: There is no a in font nullfont!
Missing character: There is no u in font nullfont!
Missing character: There is no l in font nullfont!
Missing character: There is no ) in font nullfont!
Missing character: There is no A in font nullfont!
Missing character: There is no u in font nullfont!
Missing character: There is no t in font nullfont!
Missing character: There is no o in font nullfont!
Missing character: There is no r in font nullfont!
Missing character: There is no 3 in font nullfont!
Missing character: There is no ( in font nullfont!
Missing character: There is no R in font nullfont!
Missing character: There is no a in font nullfont!
Missing character: There is no m in font nullfont!
Missing character: There is no o in font nullfont!
Missing character: There is no s in font nullfont!
Missing character: There is no Q in font nullfont!
Missing character: There is no u in font nullfont!
Missing character: There is no i in font nullfont!
Missing character: There is no s in font nullfont!
Missing character: There is no p in font nullfont!
Missing character: There is no e in font nullfont!
Missing character: There is no , in font nullfont!
Missing character: There is no J in font nullfont!
Missing character: There is no h in font nullfont!
Missing character: There is no a in font nullfont!
Missing character: There is no n in font nullfont!
Missing character: There is no L in font nullfont!
Missing character: There is no o in font nullfont!
Missing character: There is no g in font nullfont!
Missing character: There is no a in font nullfont!
Missing character: There is no n in font nullfont!
Missing character: There is no ) in font nullfont!
Missing character: There is no A in font nullfont!
Missing character: There is no s in font nullfont!
Missing character: There is no e in font nullfont!
Missing character: There is no s in font nullfont!
Missing character: There is no o in font nullfont!
Missing character: There is no r in font nullfont!
Missing character: There is no : in font nullfont!
Missing character: There is no I in font nullfont!
Missing character: There is no n in font nullfont!
Missing character: There is no g in font nullfont!
Missing character: There is no . in font nullfont!
Missing character: There is no H in font nullfont!
Missing character: There is no u in font nullfont!
Missing character: There is no a in font nullfont!
Missing character: There is no n in font nullfont!
Missing character: There is no c in font nullfont!
Missing character: There is no a in font nullfont!
Missing character: There is no T in font nullfont!
Missing character: There is no o in font nullfont!
Missing character: There is no r in font nullfont!
Missing character: There is no r in font nullfont!
Missing character: There is no e in font nullfont!
Missing character: There is no s in font nullfont!
Missing character: There is no F in font nullfont!
Missing character: There is no r in font nullfont!
Missing character: There is no e in font nullfont!
Missing character: There is no d in font nullfont!
Missing character: There is no y in font nullfont!
Missing character: There is no A in font nullfont!
Missing character: There is no b in font nullfont!
Missing character: There is no e in font nullfont!
Missing character: There is no l in font nullfont!
Missing character: There is no J in font nullfont!
Missing character: There is no u in font nullfont!
Missing character: There is no l in font nullfont!
Missing character: There is no i in font nullfont!
Missing character: There is no a in font nullfont!
Missing character: There is no c in font nullfont!
Missing character: There is no a in font nullfont!
Missing character: There is no , in font nullfont!
Missing character: There is no j in font nullfont!
Missing character: There is no u in font nullfont!
Missing character: There is no n in font nullfont!
Missing character: There is no i in font nullfont!
Missing character: There is no o in font nullfont!
Missing character: There is no d in font nullfont!
Missing character: There is no e in font nullfont!
Missing character: There is no 2 in font nullfont!
Missing character: There is no 0 in font nullfont!
Missing character: There is no 2 in font nullfont!
Missing character: There is no 6 in font nullfont!
)
Missing character: There is no m in font nullfont!
Missing character: There is no a in font nullfont!
Missing character: There is no i in font nullfont!
Missing character: There is no n in font nullfont!
Missing character: There is no . in font nullfont!
Missing character: There is no t in font nullfont!
Missing character: There is no e in font nullfont!
Missing character: There is no x in font nullfont!
! Emergency stop.
<*> caratula.tex main.tex
                         
*** (job aborted, no legal \end found)

 
Here is how much of TeX's memory you used:
 33 strings out of 467167
 557 string characters out of 5409454
 437362 words of memory out of 5000000
 29397 multiletter control sequences out of 15000+600000
 628029 words of font info for 41 fonts, out of 8000000 for 9000
 1141 hyphenation exceptions out of 8191
 23i,2n,32p,198b,146s stack positions out of 10000i,1000n,20000p,200000b,200000s
!  ==> Fatal error occurred, no output PDF file produced!
